
Shantuli@DESKTOP-AJSU19R MINGW64 /d/Personal_Files/CDE_GIT
$ git --version
git version 2.51.0.windows.1

Shantuli@DESKTOP-AJSU19R MINGW64 /d/Personal_Files/CDE_GIT
$ git init -b main
Initialized empty Git repository in D:/Personal_Files/CDE_GIT/.git/

Shantuli@DESKTOP-AJSU19R MINGW64 /d/Personal_Files/CDE_GIT (main)
$ git status
On branch main

No commits yet

Untracked files:
  (use "git add <file>..." to include in what will be committed)
        content.txt

nothing added to commit but untracked files present (use "git add" to track)

Shantuli@DESKTOP-AJSU19R MINGW64 /d/Personal_Files/CDE_GIT (main)
$ git add content.txt

Shantuli@DESKTOP-AJSU19R MINGW64 /d/Personal_Files/CDE_GIT (main)
$ git status
On branch main

No commits yet

Changes to be committed:
  (use "git rm --cached <file>..." to unstage)
        new file:   content.txt


Shantuli@DESKTOP-AJSU19R MINGW64 /d/Personal_Files/CDE_GIT (main)
$ git config --global user.name "amitraja2586"

Shantuli@DESKTOP-AJSU19R MINGW64 /d/Personal_Files/CDE_GIT (main)
$ git config --global user.email "arajapurkar25@gmail.com"

Shantuli@DESKTOP-AJSU19R MINGW64 /d/Personal_Files/CDE_GIT (main)
$ git commit -m "first commit and edited two lines"
[main (root-commit) 6b0f40f] first commit and edited two lines
 1 file changed, 2 insertions(+)
 create mode 100644 content.txt

Shantuli@DESKTOP-AJSU19R MINGW64 /d/Personal_Files/CDE_GIT (main)
$ git log
commit 6b0f40f27cd33af1f6a48ec55602a7fd0ce50918 (HEAD -> main)
Author: amitraja2586 <arajapurkar25@gmail.com>
Date:   Mon Aug 25 22:18:49 2025 +0530

    first commit and edited two lines

Shantuli@DESKTOP-AJSU19R MINGW64 /d/Personal_Files/CDE_GIT (main)
$
